// Jest Snapshot v1, https://goo.gl/fbAQLP

exports[`search input methods renders properly 1`] = `
<div
  className=""
>
  <nav
    className="bg-dark text-center h2 py-3 text-danger"
  >
    MOVIE DATABASE
  </nav>
  <div
    className=" search-form "
  >
    <form
      className="d-flex w-100 justify-content-around text-center mt-3 "
    >
      <input
        className="w-25 input-form text-center"
        id="input-title"
        onChange={[Function]}
        placeholder="enter movie title"
        type="input"
        value=""
      />
      <div>
        <button
          className="bg-dark text-white px-3 rounded py-1"
          onClick={[Function]}
          type="button"
        >
          search 
        </button>
      </div>
    </form>
  </div>
  <div>
    loading movie data
  </div>
</div>
`;
