// Jest Snapshot v1, https://goo.gl/fbAQLP

exports[`renders correctly 1`] = `
<div
  className="categories"
>
  <label>
    <select
      className="catFilter py-2 "
      onChange={[Function]}
    >
      <option
        value="All"
      >
        All
      </option>
      <option
        value="2000-2002"
      >
        2000-2002
      </option>
      <option
        value="2003-2005"
      >
        2003-2005
      </option>
      <option
        value="2006-2008"
      >
        2006-2008
      </option>
      <option
        value="2009-2011"
      >
        2009-2011
      </option>
      <option
        value="2012-2014"
      >
        2012-2014
      </option>
      <option
        value="2016-2018"
      >
        2016-2018
      </option>
      <option
        value="2020-2021"
      >
        2020-2021
      </option>
    </select>
  </label>
</div>
`;
